2026-08-23 09:00:01 INFO Server started
2026-08-23 09:05:12 INFO User login successful
2026-08-23 09:10:25 INFO Database connection established
2026-08-23 09:15:30 FAIL Database connection timeout
2026-08-23 09:20:45 INFO Request processed
2026-08-23 09:25:10 INFO Backup started
2026-08-23 09:30:22 FAIL Backup permission denied
2026-08-23 09:35:18 INFO Backup completed
2026-08-23 09:40:05 INFO User logout
2026-08-23 09:45:33 FAIL Authentication failed
2026-08-23 09:50:41 INFO Server health check passed
2026-08-23 09:55:27 INFO Configuration reloaded
2026-08-23 10:00:15 FAIL Network connection refused
2026-08-23 10:05:39 INFO Network connection restored
2026-08-23 10:10:12 INFO Request processed
2026-08-23 10:15:28 FAIL Service unavailable
2026-08-23 10:20:44 INFO Service restarted
2026-08-23 10:25:51 INFO Monitoring active
2026-08-23 10:30:06 FAIL Disk space warning
2026-08-23 10:35:19 INFO Server operating normally
